<attachment contenteditable="false" data-atts="%5B%5D" data-aid=".atts-e152546f-1784-4915-b8d0-a16d87b8b748"></attachment><p><strong style="background-color: rgb(204, 255, 255);">df -T 只可以查看已经挂载的分区和文件系统类型。</strong></p><p>Filesystem&nbsp;<span style="color: rgb(0, 0, 255);">Type</span>&nbsp;1K-blocks Used Available Use% Mounted on</p><p>/dev/sda1&nbsp;<span style="color: rgb(0, 0, 255);">ext4</span>&nbsp;20642428 3698868 15894984 19% /</p><p>tmpfs&nbsp;<span style="color: rgb(0, 0, 255);">tmpfs</span>&nbsp;32947160 0 32947160 0% /dev/shm</p><p><br></p><p><strong style="background-color: rgb(204, 255, 255);">fdisk -l 可以显示出所有挂载和未挂载的分区，但不显示文件系统类型。</strong></p><p>Disk /dev/sda: 299.4 GB, 299439751168 bytes</p><p>255 heads, 63 sectors/track, 36404 cylinders</p><p>Units = cylinders of 16065 * 512 = 8225280 bytes</p><p>Sector size (logical/physical): 512 bytes / 512 bytes</p><p>I/O size (minimum/optimal): 512 bytes / 512 bytes</p><p>Disk identifier: 0x000576df</p><p>Device Boot Start End Blocks Id System</p><p>/dev/sda1 * 1 2611 20971520 83 Linux</p><p>/dev/sda2 2611 3134 4194304 82 Linux swap / Solaris</p><p>/dev/sda3 3134 36404 267248282 83 Linux</p><p><br></p><p><strong style="background-color: rgb(204, 255, 255);">parted -l 可以查看未挂载的文件系统类型，以及哪些分区尚未格式化。</strong></p><p>Model: LSI MR9240-8i (scsi)</p><p>Disk /dev/sda: 299GB</p><p>Sector size (logical/physical): 512B/512B</p><p>Partition Table: msdos</p><p>Number Start End Size Type File&nbsp;<span style="color: rgb(0, 0, 255);">system</span>&nbsp;Flags</p><p>1 1049kB 21.5GB 21.5GB primary&nbsp;<span style="color: rgb(0, 0, 255);">ext4</span>&nbsp;boot</p><p>2 21.5GB 25.8GB 4295MB primary&nbsp;<span style="color: rgb(0, 0, 255);">linux-swap(v1)</span></p><p>3 25.8GB 299GB 274GB primary&nbsp;<span style="color: rgb(0, 0, 255);">ext4</span></p><p><br></p><p><strong style="background-color: rgb(204, 255, 255);">lsblk -f 也可以查看未挂载的文件系统类型。</strong></p><p>NAME&nbsp;<span style="color: rgb(0, 0, 255);">FSTYPE</span>&nbsp;LABEL UUID MOUNTPOINT</p><p>sda&nbsp;</p><p>|-sda1&nbsp;<span style="color: rgb(0, 0, 255);">ext4</span>&nbsp;c4f338b7-13b4-48d2-9a09-8c12194a3e95 /</p><p>|-sda2&nbsp;<span style="color: rgb(0, 0, 255);">swap</span>&nbsp;21ead8d0-411f-4c23-bdca-642643aa234b [SWAP]</p><p>`-sda3&nbsp;<span style="color: rgb(0, 0, 255);">ext4</span>&nbsp;2872b14e-45va-461e-8667-43a6f04b7bc9</p><p>&nbsp;</p><p><strong style="background-color: rgb(204, 255, 255);">file -s /dev/sda3</strong></p><p>/dev/sda3: Linux rev 1.0&nbsp;<span style="color: rgb(0, 0, 255);">ext4</span>&nbsp;filesystem data (needs journal recovery) (extents) (large files) (huge files)</p><p><br></p>